[2026-09-09T05:49:57.702Z] {"timestamp":1788932994749,"level":"DEBUG","args":["[Manus] Debug collector initialized (no rrweb, UI events only)"],"stack":null}
[2026-09-09T05:49:57.702Z] {"timestamp":1788932995071,"level":"DEBUG","args":["[vite] connected."],"stack":null}
[2026-09-09T05:50:19.596Z] {"timestamp":1788933016662,"level":"DEBUG","args":["[Manus] Debug collector initialized (no rrweb, UI events only)"],"stack":null}
[2026-09-09T05:50:19.596Z] {"timestamp":1788933016904,"level":"DEBUG","args":["[vite] connected."],"stack":null}
[2026-09-09T05:50:30.857Z] {"timestamp":1788933028853,"level":"DEBUG","args":["[Manus] Debug collector initialized (no rrweb, UI events only)"],"stack":null}
[2026-09-09T05:50:30.857Z] {"timestamp":1788933028865,"level":"DEBUG","args":["[vite] connected."],"stack":null}
[2026-09-09T05:50:30.857Z] {"timestamp":1788933029060,"level":"INFO","args":["%cDownload the React DevTools for a better development experience: https://react.dev/link/react-devtools","font-weight:bold"],"stack":null}
[2026-09-09T05:50:37.637Z] {"timestamp":1788933035634,"level":"DEBUG","args":["[Manus] Debug collector initialized (no rrweb, UI events only)"],"stack":null}
[2026-09-09T05:50:37.637Z] {"timestamp":1788933035641,"level":"DEBUG","args":["[vite] connected."],"stack":null}
[2026-09-09T05:50:37.637Z] {"timestamp":1788933035784,"level":"INFO","args":["%cDownload the React DevTools for a better development experience: https://react.dev/link/react-devtools","font-weight:bold"],"stack":null}
[2026-09-09T05:50:43.619Z] {"timestamp":1788933041613,"level":"DEBUG","args":["[Manus] Debug collector initialized (no rrweb, UI events only)"],"stack":null}
[2026-09-09T05:50:43.619Z] {"timestamp":1788933041621,"level":"DEBUG","args":["[vite] connected."],"stack":null}
[2026-09-09T05:50:43.619Z] {"timestamp":1788933041742,"level":"INFO","args":["%cDownload the React DevTools for a better development experience: https://react.dev/link/react-devtools","font-weight:bold"],"stack":null}
[2026-09-09T05:51:13.748Z] {"timestamp":1788933070801,"level":"DEBUG","args":["[Manus] Debug collector initialized (no rrweb, UI events only)"],"stack":null}
[2026-09-09T05:51:13.748Z] {"timestamp":1788933071131,"level":"DEBUG","args":["[vite] connected."],"stack":null}
[2026-09-09T05:51:18.401Z] {"timestamp":1788933075457,"level":"DEBUG","args":["[Manus] Debug collector initialized (no rrweb, UI events only)"],"stack":null}
[2026-09-09T05:51:18.401Z] {"timestamp":1788933076080,"level":"DEBUG","args":["[vite] connected."],"stack":null}
[2026-09-09T05:51:47.632Z] {"timestamp":1788933105627,"level":"DEBUG","args":["[Manus] Debug collector initialized (no rrweb, UI events only)"],"stack":null}
[2026-09-09T05:51:47.632Z] {"timestamp":1788933105635,"level":"DEBUG","args":["[vite] connected."],"stack":null}
[2026-09-09T05:51:47.632Z] {"timestamp":1788933105781,"level":"INFO","args":["%cDownload the React DevTools for a better development experience: https://react.dev/link/react-devtools","font-weight:bold"],"stack":null}
[2026-09-09T05:56:07.146Z] {"timestamp":1788933364186,"level":"DEBUG","args":["[Manus] Debug collector initialized (no rrweb, UI events only)"],"stack":null}
[2026-09-09T05:56:07.146Z] {"timestamp":1788933364539,"level":"DEBUG","args":["[vite] connected."],"stack":null}
[2026-09-09T05:56:16.348Z] {"timestamp":1788933373402,"level":"DEBUG","args":["[Manus] Debug collector initialized (no rrweb, UI events only)"],"stack":null}
[2026-09-09T05:56:16.348Z] {"timestamp":1788933373740,"level":"DEBUG","args":["[vite] connected."],"stack":null}
[2026-09-09T05:56:21.308Z] {"timestamp":1788933378353,"level":"DEBUG","args":["[Manus] Debug collector initialized (no rrweb, UI events only)"],"stack":null}
[2026-09-09T05:56:21.308Z] {"timestamp":1788933378578,"level":"DEBUG","args":["[vite] connected."],"stack":null}
[2026-09-09T05:56:28.635Z] {"timestamp":1788933385685,"level":"DEBUG","args":["[Manus] Debug collector initialized (no rrweb, UI events only)"],"stack":null}
[2026-09-09T05:56:28.635Z] {"timestamp":1788933386034,"level":"DEBUG","args":["[vite] connected."],"stack":null}
[2026-09-09T05:56:39.724Z] {"timestamp":1788933396672,"level":"DEBUG","args":["[Manus] Debug collector initialized (no rrweb, UI events only)"],"stack":null}
[2026-09-09T05:56:39.724Z] {"timestamp":1788933397276,"level":"DEBUG","args":["[vite] connected."],"stack":null}
[2026-09-09T05:57:49.353Z] {"timestamp":1788933466410,"level":"DEBUG","args":["[Manus] Debug collector initialized (no rrweb, UI events only)"],"stack":null}
[2026-09-09T05:57:49.353Z] {"timestamp":1788933466740,"level":"DEBUG","args":["[vite] connected."],"stack":null}
[2026-09-09T05:57:53.599Z] {"timestamp":1788933470569,"level":"DEBUG","args":["[Manus] Debug collector initialized (no rrweb, UI events only)"],"stack":null}
[2026-09-09T05:57:53.599Z] {"timestamp":1788933470811,"level":"DEBUG","args":["[vite] connected."],"stack":null}
[2026-09-09T05:58:59.515Z] {"timestamp":1788933536558,"level":"DEBUG","args":["[Manus] Debug collector initialized (no rrweb, UI events only)"],"stack":null}
[2026-09-09T05:58:59.515Z] {"timestamp":1788933536897,"level":"DEBUG","args":["[vite] connected."],"stack":null}
[2026-09-09T05:59:05.172Z] {"timestamp":1788933542223,"level":"DEBUG","args":["[Manus] Debug collector initialized (no rrweb, UI events only)"],"stack":null}
[2026-09-09T05:59:05.172Z] {"timestamp":1788933542585,"level":"DEBUG","args":["[vite] connected."],"stack":null}
[2026-09-09T05:59:18.248Z] {"timestamp":1788933555294,"level":"DEBUG","args":["[Manus] Debug collector initialized (no rrweb, UI events only)"],"stack":null}
[2026-09-09T05:59:18.248Z] {"timestamp":1788933555514,"level":"DEBUG","args":["[vite] connected."],"stack":null}
[2026-09-09T05:59:23.947Z] {"timestamp":1788933561000,"level":"DEBUG","args":["[Manus] Debug collector initialized (no rrweb, UI events only)"],"stack":null}
[2026-09-09T05:59:23.947Z] {"timestamp":1788933561213,"level":"DEBUG","args":["[vite] connected."],"stack":null}
[2026-09-09T06:05:27.234Z] {"timestamp":1788933925230,"level":"DEBUG","args":["[Manus] Debug collector initialized (no rrweb, UI events only)"],"stack":null}
[2026-09-09T06:05:27.234Z] {"timestamp":1788933925242,"level":"DEBUG","args":["[vite] connected."],"stack":null}
[2026-09-09T06:05:27.234Z] {"timestamp":1788933925357,"level":"INFO","args":["%cDownload the React DevTools for a better development experience: https://react.dev/link/react-devtools","font-weight:bold"],"stack":null}
[2026-09-09T06:05:32.925Z] {"timestamp":1788933929967,"level":"DEBUG","args":["[Manus] Debug collector initialized (no rrweb, UI events only)"],"stack":null}
[2026-09-09T06:05:32.925Z] {"timestamp":1788933930310,"level":"DEBUG","args":["[vite] connected."],"stack":null}
[2026-09-09T06:05:41.876Z] {"timestamp":1788933938921,"level":"DEBUG","args":["[Manus] Debug collector initialized (no rrweb, UI events only)"],"stack":null}
[2026-09-09T06:05:41.876Z] {"timestamp":1788933939232,"level":"DEBUG","args":["[vite] connected."],"stack":null}
[2026-09-09T06:21:45.356Z] {"timestamp":1788934903352,"level":"DEBUG","args":["[Manus] Debug collector initialized (no rrweb, UI events only)"],"stack":null}
[2026-09-09T06:21:45.356Z] {"timestamp":1788934903363,"level":"DEBUG","args":["[vite] connected."],"stack":null}
[2026-09-09T06:21:45.356Z] {"timestamp":1788934903505,"level":"INFO","args":["%cDownload the React DevTools for a better development experience: https://react.dev/link/react-devtools","font-weight:bold"],"stack":null}
[2026-09-09T06:21:53.889Z] {"timestamp":1788934910920,"level":"DEBUG","args":["[Manus] Debug collector initialized (no rrweb, UI events only)"],"stack":null}
[2026-09-09T06:21:53.889Z] {"timestamp":1788934911274,"level":"DEBUG","args":["[vite] connected."],"stack":null}
[2026-09-09T06:22:02.043Z] {"timestamp":1788934919093,"level":"DEBUG","args":["[Manus] Debug collector initialized (no rrweb, UI events only)"],"stack":null}
[2026-09-09T06:22:02.043Z] {"timestamp":1788934919445,"level":"DEBUG","args":["[vite] connected."],"stack":null}
[2026-09-09T06:23:22.335Z] {"timestamp":1788934999372,"level":"DEBUG","args":["[Manus] Debug collector initialized (no rrweb, UI events only)"],"stack":null}
[2026-09-09T06:23:22.335Z] {"timestamp":1788934999759,"level":"DEBUG","args":["[vite] connected."],"stack":null}
[2026-09-09T06:23:27.731Z] {"timestamp":1788935004740,"level":"DEBUG","args":["[Manus] Debug collector initialized (no rrweb, UI events only)"],"stack":null}
[2026-09-09T06:23:27.731Z] {"timestamp":1788935005046,"level":"DEBUG","args":["[vite] connected."],"stack":null}
[2026-09-09T06:23:38.348Z] {"timestamp":1788935015380,"level":"DEBUG","args":["[Manus] Debug collector initialized (no rrweb, UI events only)"],"stack":null}
[2026-09-09T06:23:38.348Z] {"timestamp":1788935015714,"level":"DEBUG","args":["[vite] connected."],"stack":null}
[2026-09-09T06:23:43.646Z] {"timestamp":1788935020682,"level":"DEBUG","args":["[Manus] Debug collector initialized (no rrweb, UI events only)"],"stack":null}
[2026-09-09T06:23:43.646Z] {"timestamp":1788935021328,"level":"DEBUG","args":["[vite] connected."],"stack":null}
[2026-09-09T06:23:53.958Z] {"timestamp":1788935031005,"level":"DEBUG","args":["[Manus] Debug collector initialized (no rrweb, UI events only)"],"stack":null}
[2026-09-09T06:23:53.958Z] {"timestamp":1788935031345,"level":"DEBUG","args":["[vite] connected."],"stack":null}
[2026-09-09T06:23:58.814Z] {"timestamp":1788935035863,"level":"DEBUG","args":["[Manus] Debug collector initialized (no rrweb, UI events only)"],"stack":null}
[2026-09-09T06:23:58.814Z] {"timestamp":1788935036264,"level":"DEBUG","args":["[vite] connected."],"stack":null}
[2026-09-09T06:24:32.496Z] {"timestamp":1788935069552,"level":"DEBUG","args":["[Manus] Debug collector initialized (no rrweb, UI events only)"],"stack":null}
[2026-09-09T06:24:32.496Z] {"timestamp":1788935069881,"level":"DEBUG","args":["[vite] connected."],"stack":null}
[2026-09-09T06:24:45.776Z] {"timestamp":1788935082819,"level":"DEBUG","args":["[Manus] Debug collector initialized (no rrweb, UI events only)"],"stack":null}
[2026-09-09T06:24:45.776Z] {"timestamp":1788935083114,"level":"DEBUG","args":["[vite] connected."],"stack":null}
[2026-09-09T06:25:02.067Z] {"timestamp":1788935099107,"level":"DEBUG","args":["[Manus] Debug collector initialized (no rrweb, UI events only)"],"stack":null}
[2026-09-09T06:25:02.067Z] {"timestamp":1788935099420,"level":"DEBUG","args":["[vite] connected."],"stack":null}
[2026-09-09T06:25:33.775Z] {"timestamp":1788935131772,"level":"DEBUG","args":["[Manus] Debug collector initialized (no rrweb, UI events only)"],"stack":null}
[2026-09-09T06:25:33.775Z] {"timestamp":1788935131790,"level":"DEBUG","args":["[vite] connected."],"stack":null}
[2026-09-09T06:25:33.775Z] {"timestamp":1788935131996,"level":"INFO","args":["%cDownload the React DevTools for a better development experience: https://react.dev/link/react-devtools","font-weight:bold"],"stack":null}
[2026-09-09T06:27:03.679Z] {"timestamp":1788935220723,"level":"DEBUG","args":["[Manus] Debug collector initialized (no rrweb, UI events only)"],"stack":null}
[2026-09-09T06:27:03.679Z] {"timestamp":1788935221003,"level":"DEBUG","args":["[vite] connected."],"stack":null}
[2026-09-09T06:27:07.225Z] {"timestamp":1788935224277,"level":"DEBUG","args":["[Manus] Debug collector initialized (no rrweb, UI events only)"],"stack":null}
[2026-09-09T06:27:07.225Z] {"timestamp":1788935224832,"level":"DEBUG","args":["[vite] connected."],"stack":null}
[2026-09-09T06:27:28.195Z] {"timestamp":1788935245231,"level":"DEBUG","args":["[Manus] Debug collector initialized (no rrweb, UI events only)"],"stack":null}
[2026-09-09T06:27:28.195Z] {"timestamp":1788935245486,"level":"DEBUG","args":["[vite] connected."],"stack":null}
[2026-09-09T06:27:36.935Z] {"timestamp":1788935253987,"level":"DEBUG","args":["[Manus] Debug collector initialized (no rrweb, UI events only)"],"stack":null}
[2026-09-09T06:27:36.935Z] {"timestamp":1788935254652,"level":"DEBUG","args":["[vite] connected."],"stack":null}
[2026-09-09T06:27:42.294Z] {"timestamp":1788935259339,"level":"DEBUG","args":["[Manus] Debug collector initialized (no rrweb, UI events only)"],"stack":null}
[2026-09-09T06:27:42.294Z] {"timestamp":1788935259935,"level":"DEBUG","args":["[vite] connected."],"stack":null}
[2026-09-09T06:28:22.889Z] {"timestamp":1788935299936,"level":"DEBUG","args":["[Manus] Debug collector initialized (no rrweb, UI events only)"],"stack":null}
[2026-09-09T06:28:22.889Z] {"timestamp":1788935300286,"level":"DEBUG","args":["[vite] connected."],"stack":null}
[2026-09-09T06:28:26.735Z] {"timestamp":1788935303786,"level":"DEBUG","args":["[Manus] Debug collector initialized (no rrweb, UI events only)"],"stack":null}
[2026-09-09T06:28:26.735Z] {"timestamp":1788935304066,"level":"DEBUG","args":["[vite] connected."],"stack":null}
[2026-09-09T06:28:46.819Z] {"timestamp":1788935323861,"level":"DEBUG","args":["[Manus] Debug collector initialized (no rrweb, UI events only)"],"stack":null}
[2026-09-09T06:28:46.819Z] {"timestamp":1788935324412,"level":"DEBUG","args":["[vite] connected."],"stack":null}
[2026-09-09T06:28:59.159Z] {"timestamp":1788935336125,"level":"DEBUG","args":["[Manus] Debug collector initialized (no rrweb, UI events only)"],"stack":null}
[2026-09-09T06:28:59.159Z] {"timestamp":1788935336507,"level":"DEBUG","args":["[vite] connected."],"stack":null}
[2026-09-09T06:29:18.369Z] {"timestamp":1788935355293,"level":"DEBUG","args":["[Manus] Debug collector initialized (no rrweb, UI events only)"],"stack":null}
[2026-09-09T06:29:18.370Z] {"timestamp":1788935355633,"level":"DEBUG","args":["[vite] connected."],"stack":null}
[2026-09-09T06:29:22.379Z] {"timestamp":1788935359424,"level":"DEBUG","args":["[Manus] Debug collector initialized (no rrweb, UI events only)"],"stack":null}
[2026-09-09T06:29:22.379Z] {"timestamp":1788935359780,"level":"DEBUG","args":["[vite] connected."],"stack":null}
[2026-09-09T06:29:26.333Z] {"timestamp":1788935363373,"level":"DEBUG","args":["[Manus] Debug collector initialized (no rrweb, UI events only)"],"stack":null}
[2026-09-09T06:29:26.333Z] {"timestamp":1788935363647,"level":"DEBUG","args":["[vite] connected."],"stack":null}
[2026-09-09T06:29:31.308Z] {"timestamp":1788935368345,"level":"DEBUG","args":["[Manus] Debug collector initialized (no rrweb, UI events only)"],"stack":null}
[2026-09-09T06:29:31.308Z] {"timestamp":1788935368601,"level":"DEBUG","args":["[vite] connected."],"stack":null}
[2026-09-09T06:30:05.003Z] {"timestamp":1788935402046,"level":"DEBUG","args":["[Manus] Debug collector initialized (no rrweb, UI events only)"],"stack":null}
[2026-09-09T06:30:05.003Z] {"timestamp":1788935402368,"level":"DEBUG","args":["[vite] connected."],"stack":null}
[2026-09-09T06:31:38.428Z] {"timestamp":1788935495476,"level":"DEBUG","args":["[Manus] Debug collector initialized (no rrweb, UI events only)"],"stack":null}
[2026-09-09T06:31:38.428Z] {"timestamp":1788935495985,"level":"DEBUG","args":["[vite] connected."],"stack":null}
[2026-09-09T06:31:43.758Z] {"timestamp":1788935500797,"level":"DEBUG","args":["[Manus] Debug collector initialized (no rrweb, UI events only)"],"stack":null}
[2026-09-09T06:31:43.758Z] {"timestamp":1788935501070,"level":"DEBUG","args":["[vite] connected."],"stack":null}
[2026-09-09T06:31:48.535Z] {"timestamp":1788935505567,"level":"DEBUG","args":["[Manus] Debug collector initialized (no rrweb, UI events only)"],"stack":null}
[2026-09-09T06:31:48.535Z] {"timestamp":1788935505812,"level":"DEBUG","args":["[vite] connected."],"stack":null}
[2026-09-09T06:31:56.819Z] {"timestamp":1788935513850,"level":"DEBUG","args":["[Manus] Debug collector initialized (no rrweb, UI events only)"],"stack":null}
[2026-09-09T06:31:56.819Z] {"timestamp":1788935514195,"level":"DEBUG","args":["[vite] connected."],"stack":null}
[2026-09-09T06:32:01.634Z] {"timestamp":1788935518667,"level":"DEBUG","args":["[Manus] Debug collector initialized (no rrweb, UI events only)"],"stack":null}
[2026-09-09T06:32:01.634Z] {"timestamp":1788935518919,"level":"DEBUG","args":["[vite] connected."],"stack":null}
[2026-09-09T06:32:06.697Z] {"timestamp":1788935523668,"level":"DEBUG","args":["[Manus] Debug collector initialized (no rrweb, UI events only)"],"stack":null}
[2026-09-09T06:32:06.697Z] {"timestamp":1788935524347,"level":"DEBUG","args":["[vite] connected."],"stack":null}
[2026-09-09T06:32:12.946Z] {"timestamp":1788935529985,"level":"DEBUG","args":["[Manus] Debug collector initialized (no rrweb, UI events only)"],"stack":null}
[2026-09-09T06:32:12.946Z] {"timestamp":1788935530241,"level":"DEBUG","args":["[vite] connected."],"stack":null}
[2026-09-09T06:32:22.267Z] {"timestamp":1788935539312,"level":"DEBUG","args":["[Manus] Debug collector initialized (no rrweb, UI events only)"],"stack":null}
[2026-09-09T06:32:22.267Z] {"timestamp":1788935539644,"level":"DEBUG","args":["[vite] connected."],"stack":null}
[2026-09-09T06:32:27.313Z] {"timestamp":1788935544350,"level":"DEBUG","args":["[Manus] Debug collector initialized (no rrweb, UI events only)"],"stack":null}
[2026-09-09T06:32:27.313Z] {"timestamp":1788935544730,"level":"DEBUG","args":["[vite] connected."],"stack":null}
[2026-09-09T06:32:32.559Z] {"timestamp":1788935549610,"level":"DEBUG","args":["[Manus] Debug collector initialized (no rrweb, UI events only)"],"stack":null}
[2026-09-09T06:32:32.559Z] {"timestamp":1788935549990,"level":"DEBUG","args":["[vite] connected."],"stack":null}
[2026-09-09T06:32:38.449Z] {"timestamp":1788935555494,"level":"DEBUG","args":["[Manus] Debug collector initialized (no rrweb, UI events only)"],"stack":null}
[2026-09-09T06:32:38.449Z] {"timestamp":1788935555980,"level":"DEBUG","args":["[vite] connected."],"stack":null}
[2026-09-09T06:32:43.179Z] {"timestamp":1788935560199,"level":"DEBUG","args":["[Manus] Debug collector initialized (no rrweb, UI events only)"],"stack":null}
[2026-09-09T06:32:43.179Z] {"timestamp":1788935560533,"level":"DEBUG","args":["[vite] connected."],"stack":null}
[2026-09-09T06:32:46.966Z] {"timestamp":1788935563999,"level":"DEBUG","args":["[Manus] Debug collector initialized (no rrweb, UI events only)"],"stack":null}
[2026-09-09T06:32:46.966Z] {"timestamp":1788935564246,"level":"DEBUG","args":["[vite] connected."],"stack":null}
[2026-09-09T06:33:09.487Z] {"timestamp":1788935586435,"level":"DEBUG","args":["[Manus] Debug collector initialized (no rrweb, UI events only)"],"stack":null}
[2026-09-09T06:33:09.487Z] {"timestamp":1788935586729,"level":"DEBUG","args":["[vite] connected."],"stack":null}
[2026-09-09T06:33:32.563Z] {"timestamp":1788935609588,"level":"DEBUG","args":["[Manus] Debug collector initialized (no rrweb, UI events only)"],"stack":null}
[2026-09-09T06:33:32.563Z] {"timestamp":1788935609973,"level":"DEBUG","args":["[vite] connected."],"stack":null}
[2026-09-09T06:33:36.707Z] {"timestamp":1788935613745,"level":"DEBUG","args":["[Manus] Debug collector initialized (no rrweb, UI events only)"],"stack":null}
[2026-09-09T06:33:36.708Z] {"timestamp":1788935614106,"level":"DEBUG","args":["[vite] connected."],"stack":null}
[2026-09-09T06:34:21.605Z] {"timestamp":1788935658631,"level":"DEBUG","args":["[Manus] Debug collector initialized (no rrweb, UI events only)"],"stack":null}
[2026-09-09T06:34:21.605Z] {"timestamp":1788935658983,"level":"DEBUG","args":["[vite] connected."],"stack":null}
[2026-09-09T06:34:25.981Z] {"timestamp":1788935662929,"level":"DEBUG","args":["[Manus] Debug collector initialized (no rrweb, UI events only)"],"stack":null}
[2026-09-09T06:34:25.981Z] {"timestamp":1788935663232,"level":"DEBUG","args":["[vite] connected."],"stack":null}
[2026-09-09T06:34:34.000Z] {"timestamp":1788935671041,"level":"DEBUG","args":["[Manus] Debug collector initialized (no rrweb, UI events only)"],"stack":null}
[2026-09-09T06:34:34.000Z] {"timestamp":1788935671370,"level":"DEBUG","args":["[vite] connected."],"stack":null}
[2026-09-09T06:34:42.869Z] {"timestamp":1788935679901,"level":"DEBUG","args":["[Manus] Debug collector initialized (no rrweb, UI events only)"],"stack":null}
[2026-09-09T06:34:42.870Z] {"timestamp":1788935680438,"level":"DEBUG","args":["[vite] connected."],"stack":null}
[2026-09-09T06:34:47.763Z] {"timestamp":1788935684789,"level":"DEBUG","args":["[Manus] Debug collector initialized (no rrweb, UI events only)"],"stack":null}
[2026-09-09T06:34:47.763Z] {"timestamp":1788935685043,"level":"DEBUG","args":["[vite] connected."],"stack":null}
[2026-09-09T06:34:52.039Z] {"timestamp":1788935688996,"level":"LOG","args":["[vite] server connection lost. Polling for restart..."],"stack":null}
[2026-09-09T06:35:00.054Z] {"timestamp":1788935697101,"level":"DEBUG","args":["[Manus] Debug collector initialized (no rrweb, UI events only)"],"stack":null}
[2026-09-09T06:35:00.054Z] {"timestamp":1788935697566,"level":"DEBUG","args":["[vite] connected."],"stack":null}
[2026-09-09T06:35:03.797Z] {"timestamp":1788935700845,"level":"DEBUG","args":["[Manus] Debug collector initialized (no rrweb, UI events only)"],"stack":null}
[2026-09-09T06:35:03.797Z] {"timestamp":1788935701073,"level":"DEBUG","args":["[vite] connected."],"stack":null}
[2026-09-09T06:36:00.021Z] {"timestamp":1788935757052,"level":"DEBUG","args":["[Manus] Debug collector initialized (no rrweb, UI events only)"],"stack":null}
[2026-09-09T06:36:00.021Z] {"timestamp":1788935757471,"level":"DEBUG","args":["[vite] connected."],"stack":null}
[2026-09-09T06:37:05.707Z] {"timestamp":1788935822758,"level":"DEBUG","args":["[Manus] Debug collector initialized (no rrweb, UI events only)"],"stack":null}
[2026-09-09T06:37:05.707Z] {"timestamp":1788935823126,"level":"DEBUG","args":["[vite] connected."],"stack":null}
[2026-09-09T06:37:11.409Z] {"timestamp":1788935828455,"level":"DEBUG","args":["[Manus] Debug collector initialized (no rrweb, UI events only)"],"stack":null}
[2026-09-09T06:37:11.409Z] {"timestamp":1788935828804,"level":"DEBUG","args":["[vite] connected."],"stack":null}
[2026-09-09T06:38:04.933Z] {"timestamp":1788935882928,"level":"DEBUG","args":["[Manus] Debug collector initialized (no rrweb, UI events only)"],"stack":null}
[2026-09-09T06:38:04.933Z] {"timestamp":1788935882943,"level":"DEBUG","args":["[vite] connected."],"stack":null}
[2026-09-09T06:38:04.933Z] {"timestamp":1788935883093,"level":"INFO","args":["%cDownload the React DevTools for a better development experience: https://react.dev/link/react-devtools","font-weight:bold"],"stack":null}
[2026-09-09T06:43:01.072Z] {"timestamp":1788936178112,"level":"DEBUG","args":["[Manus] Debug collector initialized (no rrweb, UI events only)"],"stack":null}
[2026-09-09T06:43:01.072Z] {"timestamp":1788936178452,"level":"DEBUG","args":["[vite] connected."],"stack":null}
[2026-09-09T06:43:05.482Z] {"timestamp":1788936182511,"level":"DEBUG","args":["[Manus] Debug collector initialized (no rrweb, UI events only)"],"stack":null}
[2026-09-09T06:43:05.482Z] {"timestamp":1788936182781,"level":"DEBUG","args":["[vite] connected."],"stack":null}
[2026-09-09T06:44:00.402Z] {"timestamp":1788936237442,"level":"DEBUG","args":["[Manus] Debug collector initialized (no rrweb, UI events only)"],"stack":null}
[2026-09-09T06:44:00.402Z] {"timestamp":1788936237831,"level":"DEBUG","args":["[vite] connected."],"stack":null}
[2026-09-09T06:44:06.027Z] {"timestamp":1788936243067,"level":"DEBUG","args":["[Manus] Debug collector initialized (no rrweb, UI events only)"],"stack":null}
[2026-09-09T06:44:06.027Z] {"timestamp":1788936243456,"level":"DEBUG","args":["[vite] connected."],"stack":null}
[2026-09-09T06:44:15.303Z] {"timestamp":1788936252338,"level":"DEBUG","args":["[Manus] Debug collector initialized (no rrweb, UI events only)"],"stack":null}
[2026-09-09T06:44:15.303Z] {"timestamp":1788936252775,"level":"DEBUG","args":["[vite] connected."],"stack":null}
[2026-09-09T06:44:15.303Z] {"timestamp":1788936253395,"level":"ERROR","args":["%o\n\n%s\n\n%s\n",{"type":"Error","message":"BookOpen is not defined","stack":"Home@https://3000-itft35e77gum9y56zu3m4-2e161e83.sg2.manus.computer/src/pages/Home.tsx?t=1788936249591:285:34\nreact_stack_bottom_frame@https://3000-itft35e77gum9y56zu3m4-2e161e83.sg2.manus.computer/@fs/home/ubuntu/auralith/node_modules/.vite/deps/react-dom_client.js?v=67693043:18509:20\nrenderWithHooks@https://3000-itft35e77gum9y56zu3m4-2e161e83.sg2.manus.computer/@fs/home/ubuntu/auralith/node_modules/.vite/deps/react-dom_client.js?v=67693043:5654:42\nupdateFunctionComponent@https://3000-itft35e77gum9y56zu3m4-2e161e83.sg2.manus.computer/@fs/home/ubuntu/auralith/node_modules/.vite/deps/react-dom_client.js?v=67693043:7475:21\nbeginWork@https://3000-itft35e77gum9y56zu3m4-2e161e83.sg2.manus.computer/@fs/home/ubuntu/auralith/node_modules/.vite/deps/react-dom_client.js?v=67693043:8525:20\nrunWithFiberInDEV@https://3000-itft35e77gum9y56zu3m4-2e161e83.sg2.manus.computer/@fs/home/ubuntu/auralith/node_modules/.vite/deps/react-dom_client.js?v=67693043:999:15\nperformUnitOfWork@https://3000-itft35e77gum9y56zu3m4-2e161e83.sg2.manus.computer/@fs/home/ubuntu/auralith/node_modules/.vite/deps/react-dom_client.js?v=67693043:12561:98\nworkLoopSync@https://3000-itft35e77gum9y56zu3m4-2e161e83.sg2.manus.computer/@fs/home/ubuntu/auralith/node_modules/.vite/deps/react-dom_client.js?v=67693043:12424:60\nrenderRootSync@https://3000-itft35e77gum9y56zu3m4-2e161e83.sg2.manus.computer/@fs/home/ubuntu/auralith/node_modules/.vite/deps/react-dom_client.js?v=67693043:12408:13\nperformWorkOnRoot@https://3000-itft35e77gum9y56zu3m4-2e161e83.sg2.manus.computer/@fs/home/ubuntu/auralith/node_modules/.vite/deps/react-dom_client.js?v=67693043:11827:37\nperformWorkOnRootViaSchedulerTask@https://3000-itft35e77gum9y56zu3m4-2e161e83.sg2.manus.computer/@fs/home/ubuntu/auralith/node_modules/.vite/deps/react-dom_client.js?v=67693043:13505:26\nperformWorkUntilDeadline@https://3000-itft35e77gum9y56zu3m4-2e161e83.sg2.manus.computer/@fs/home/ubuntu/auralith/node_modules/.vite/deps/react-dom_client.js?v=67693043:36:58\n"},"The above error occurred in the <Home> component.","React will try to recreate this component tree from scratch using the error boundary you provided, ErrorBoundary."],"stack":"console[method]@https://3000-itft35e77gum9y56zu3m4-2e161e83.sg2.manus.computer/__manus__/debug-collector.js:391:37\ndefaultOnCaughtError@https://3000-itft35e77gum9y56zu3m4-2e161e83.sg2.manus.computer/@fs/home/ubuntu/auralith/node_modules/.vite/deps/react-dom_client.js?v=67693043:7001:19\nlogCaughtError@https://3000-itft35e77gum9y56zu3m4-2e161e83.sg2.manus.computer/@fs/home/ubuntu/auralith/node_modules/.vite/deps/react-dom_client.js?v=67693043:7033:24\nrunWithFiberInDEV@https://3000-itft35e77gum9y56zu3m4-2e161e83.sg2.manus.computer/@fs/home/ubuntu/auralith/node_modules/.vite/deps/react-dom_client.js?v=67693043:999:15\nnode_modules/.pnpm/react-dom@19.2.1_react@19.2.1/node_modules/react-dom/cjs/react-dom-client.development.js/initializeClassErrorUpdate/update.callback@https://3000-itft35e77gum9y56zu3m4-2e161e83.sg2.manus.computer/@fs/home/ubuntu/auralith/node_modules/.vite/deps/react-dom_client.js?v=67693043:7066:30\ncallCallback@https://3000-itft35e77gum9y56zu3m4-2e161e83.sg2.manus.computer/@fs/home/ubuntu/auralith/node_modules/.vite/deps/react-dom_client.js?v=67693043:5491:18\ncommitCallbacks@https://3000-itft35e77gum9y56zu3m4-2e161e83.sg2.manus.computer/@fs/home/ubuntu/auralith/node_modules/.vite/deps/react-dom_client.js?v=67693043:5503:25\nrunWithFiberInDEV@https://3000-itft35e77gum9y56zu3m4-2e161e83.sg2.manus.computer/@fs/home/ubuntu/auralith/node_modules/.vite/deps/react-dom_client.js?v=67693043:999:15\ncommitClassCallbacks@https://3000-itft35e77gum9y56zu3m4-2e161e83.sg2.manus.computer/@fs/home/ubuntu/auralith/node_modules/.vite/deps/react-dom_client.js?v=67693043:9490:30\ncommitLayoutEffectOnFiber@https://3000-itft35e77gum9y56zu3m4-2e161e83.sg2.manus.computer/@fs/home/ubuntu/auralith/node_modules/.vite/deps/react-dom_client.js?v=67693043:9958:27\nrecursivelyTraverseLayoutEffects@https://3000-itft35e77gum9y56zu3m4-2e161e83.sg2.manus.computer/@fs/home/ubuntu/auralith/node_modules/.vite/deps/react-dom_client.js?v=67693043:10792:38\ncommitLayoutEffectOnFiber@https://3000-itft35e77gum9y56zu3m4-2e161e83.sg2.manus.computer/@fs/home/ubuntu/auralith/node_modules/.vite/deps/react-dom_client.js?v=67693043:9903:45\nrecursivelyTraverseLayoutEffects@https://3000-itft35e77gum9y56zu3m4-2e161e83.sg2.manus.computer/@fs/home/ubuntu/auralith/node_modules/.vite/deps/react-dom_client.js?v=67693043:10792:38\ncommitLayoutEffectOnFiber@https://3000-itft35e77gum9y56zu3m4-2e161e83.sg2.manus.computer/@fs/home/ubuntu/auralith/node_modules/.vite/deps/react-dom_client.js?v=67693043:10074:45\nrecursivelyTraverseLayoutEffects@https://3000-itft35e77gum9y56zu3m4-2e161e83.sg2.manus.computer/@fs/home/ubuntu/auralith/node_modules/.vite/deps/react-dom_client.js?v=67693043:10792:38\ncommitLayoutEffectOnFiber@https://3000-itft35e77gum9y56zu3m4-2e161e83.sg2.manus.computer/@fs/home/ubuntu/auralith/node_modules/.vite/deps/react-dom_client.js?v=67693043:9903:45\nrecursivelyTraverseLayoutEffects@https://3000-itft35e77gum9y56zu3m4-2e161e83.sg2.manus.computer/@fs/home/ubuntu/auralith/node_modules/.vite/deps/react-dom_client.js?v=67693043:10792:38\ncommitLayoutEffectOnFiber@https://3000-itft35e77gum9y56zu3m4-2e161e83.sg2.manus.computer/@fs/home/ubuntu/auralith/node_modules/.vite/deps/react-dom_client.js?v=67693043:10074:45\nrecursivelyTraverseLayoutEffects@https://3000-itft35e77gum9y56zu3m4-2e161e83.sg2.manus.computer/@fs/home/ubuntu/auralith/node_modules/.vite/deps/react-dom_client.js?v=67693043:10792:38\ncommitLayoutEffectOnFiber@https://3000-itft35e77gum9y56zu3m4-2e161e83.sg2.manus.computer/@fs/home/ubuntu/auralith/node_modules/.vite/deps/react-dom_client.js?v=67693043:9903:45\nrecursivelyTraverseLayoutEffects@https://3000-itft35e77gum9y56zu3m4-2e161e83.sg2.manus.computer/@fs/home/ubuntu/auralith/node_modules/.vite/deps/react-dom_client.js?v=67693043:10792:38\ncommitLayoutEffectOnFiber@https://3000-itft35e77gum9y56zu3m4-2e161e83.sg2.manus.computer/@fs/home/ubuntu/auralith/node_modules/.vite/deps/react-dom_client.js?v=67693043:9963:45\nflushLayoutEffects@https://3000-itft35e77gum9y56zu3m4-2e161e83.sg2.manus.computer/@fs/home/ubuntu/auralith/node_modules/.vite/deps/react-dom_client.js?v=67693043:12924:120\ncommitRoot@https://3000-itft35e77gum9y56zu3m4-2e161e83.sg2.manus.computer/@fs/home/ubuntu/auralith/node_modules/.vite/deps/react-dom_client.js?v=67693043:12803:11\ncommitRootWhenReady@https://3000-itft35e77gum9y56zu3m4-2e161e83.sg2.manus.computer/@fs/home/ubuntu/auralith/node_modules/.vite/deps/react-dom_client.js?v=67693043:12016:19\nperformWorkOnRoot@https://3000-itft35e77gum9y56zu3m4-2e161e83.sg2.manus.computer/@fs/home/ubuntu/auralith/node_modules/.vite/deps/react-dom_client.js?v=67693043:11950:36\nperformWorkOnRootViaSchedulerTask@https://3000-itft35e77gum9y56zu3m4-2e161e83.sg2.manus.computer/@fs/home/ubuntu/auralith/node_modules/.vite/deps/react-dom_client.js?v=67693043:13505:26\nperformWorkUntilDeadline@https://3000-itft35e77gum9y56zu3m4-2e161e83.sg2.manus.computer/@fs/home/ubuntu/auralith/node_modules/.vite/deps/react-dom_client.js?v=67693043:36:58\n"}
[2026-09-09T06:44:19.771Z] {"timestamp":1788936256817,"level":"DEBUG","args":["[Manus] Debug collector initialized (no rrweb, UI events only)"],"stack":null}
[2026-09-09T06:44:19.771Z] {"timestamp":1788936257164,"level":"DEBUG","args":["[vite] connected."],"stack":null}
[2026-09-09T06:44:19.771Z] {"timestamp":1788936257573,"level":"ERROR","args":["%o\n\n%s\n\n%s\n",{"type":"Error","message":"BookOpen is not defined","stack":"Home@https://3000-itft35e77gum9y56zu3m4-2e161e83.sg2.manus.computer/src/pages/Home.tsx?t=1788936249591:285:34\nreact_stack_bottom_frame@https://3000-itft35e77gum9y56zu3m4-2e161e83.sg2.manus.computer/@fs/home/ubuntu/auralith/node_modules/.vite/deps/react-dom_client.js?v=67693043:18509:20\nrenderWithHooks@https://3000-itft35e77gum9y56zu3m4-2e161e83.sg2.manus.computer/@fs/home/ubuntu/auralith/node_modules/.vite/deps/react-dom_client.js?v=67693043:5654:42\nupdateFunctionComponent@https://3000-itft35e77gum9y56zu3m4-2e161e83.sg2.manus.computer/@fs/home/ubuntu/auralith/node_modules/.vite/deps/react-dom_client.js?v=67693043:7475:21\nbeginWork@https://3000-itft35e77gum9y56zu3m4-2e161e83.sg2.manus.computer/@fs/home/ubuntu/auralith/node_modules/.vite/deps/react-dom_client.js?v=67693043:8525:20\nrunWithFiberInDEV@https://3000-itft35e77gum9y56zu3m4-2e161e83.sg2.manus.computer/@fs/home/ubuntu/auralith/node_modules/.vite/deps/react-dom_client.js?v=67693043:999:15\nperformUnitOfWork@https://3000-itft35e77gum9y56zu3m4-2e161e83.sg2.manus.computer/@fs/home/ubuntu/auralith/node_modules/.vite/deps/react-dom_client.js?v=67693043:12561:98\nworkLoopSync@https://3000-itft35e77gum9y56zu3m4-2e161e83.sg2.manus.computer/@fs/home/ubuntu/auralith/node_modules/.vite/deps/react-dom_client.js?v=67693043:12424:60\nrenderRootSync@https://3000-itft35e77gum9y56zu3m4-2e161e83.sg2.manus.computer/@fs/home/ubuntu/auralith/node_modules/.vite/deps/react-dom_client.js?v=67693043:12408:13\nperformWorkOnRoot@https://3000-itft35e77gum9y56zu3m4-2e161e83.sg2.manus.computer/@fs/home/ubuntu/auralith/node_modules/.vite/deps/react-dom_client.js?v=67693043:11827:37\nperformWorkOnRootViaSchedulerTask@https://3000-itft35e77gum9y56zu3m4-2e161e83.sg2.manus.computer/@fs/home/ubuntu/auralith/node_modules/.vite/deps/react-dom_client.js?v=67693043:13505:26\nperformWorkUntilDeadline@https://3000-itft35e77gum9y56zu3m4-2e161e83.sg2.manus.computer/@fs/home/ubuntu/auralith/node_modules/.vite/deps/react-dom_client.js?v=67693043:36:58\n"},"The above error occurred in the <Home> component.","React will try to recreate this component tree from scratch using the error boundary you provided, ErrorBoundary."],"stack":"console[method]@https://3000-itft35e77gum9y56zu3m4-2e161e83.sg2.manus.computer/__manus__/debug-collector.js:391:37\ndefaultOnCaughtError@https://3000-itft35e77gum9y56zu3m4-2e161e83.sg2.manus.computer/@fs/home/ubuntu/auralith/node_modules/.vite/deps/react-dom_client.js?v=67693043:7001:19\nlogCaughtError@https://3000-itft35e77gum9y56zu3m4-2e161e83.sg2.manus.computer/@fs/home/ubuntu/auralith/node_modules/.vite/deps/react-dom_client.js?v=67693043:7033:24\nrunWithFiberInDEV@https://3000-itft35e77gum9y56zu3m4-2e161e83.sg2.manus.computer/@fs/home/ubuntu/auralith/node_modules/.vite/deps/react-dom_client.js?v=67693043:999:15\nnode_modules/.pnpm/react-dom@19.2.1_react@19.2.1/node_modules/react-dom/cjs/react-dom-client.development.js/initializeClassErrorUpdate/update.callback@https://3000-itft35e77gum9y56zu3m4-2e161e83.sg2.manus.computer/@fs/home/ubuntu/auralith/node_modules/.vite/deps/react-dom_client.js?v=67693043:7066:30\ncallCallback@https://3000-itft35e77gum9y56zu3m4-2e161e83.sg2.manus.computer/@fs/home/ubuntu/auralith/node_modules/.vite/deps/react-dom_client.js?v=67693043:5491:18\ncommitCallbacks@https://3000-itft35e77gum9y56zu3m4-2e161e83.sg2.manus.computer/@fs/home/ubuntu/auralith/node_modules/.vite/deps/react-dom_client.js?v=67693043:5503:25\nrunWithFiberInDEV@https://3000-itft35e77gum9y56zu3m4-2e161e83.sg2.manus.computer/@fs/home/ubuntu/auralith/node_modules/.vite/deps/react-dom_client.js?v=67693043:999:15\ncommitClassCallbacks@https://3000-itft35e77gum9y56zu3m4-2e161e83.sg2.manus.computer/@fs/home/ubuntu/auralith/node_modules/.vite/deps/react-dom_client.js?v=67693043:9490:30\ncommitLayoutEffectOnFiber@https://3000-itft35e77gum9y56zu3m4-2e161e83.sg2.manus.computer/@fs/home/ubuntu/auralith/node_modules/.vite/deps/react-dom_client.js?v=67693043:9958:27\nrecursivelyTraverseLayoutEffects@https://3000-itft35e77gum9y56zu3m4-2e161e83.sg2.manus.computer/@fs/home/ubuntu/auralith/node_modules/.vite/deps/react-dom_client.js?v=67693043:10792:38\ncommitLayoutEffectOnFiber@https://3000-itft35e77gum9y56zu3m4-2e161e83.sg2.manus.computer/@fs/home/ubuntu/auralith/node_modules/.vite/deps/react-dom_client.js?v=67693043:9903:45\nrecursivelyTraverseLayoutEffects@https://3000-itft35e77gum9y56zu3m4-2e161e83.sg2.manus.computer/@fs/home/ubuntu/auralith/node_modules/.vite/deps/react-dom_client.js?v=67693043:10792:38\ncommitLayoutEffectOnFiber@https://3000-itft35e77gum9y56zu3m4-2e161e83.sg2.manus.computer/@fs/home/ubuntu/auralith/node_modules/.vite/deps/react-dom_client.js?v=67693043:10074:45\nrecursivelyTraverseLayoutEffects@https://3000-itft35e77gum9y56zu3m4-2e161e83.sg2.manus.computer/@fs/home/ubuntu/auralith/node_modules/.vite/deps/react-dom_client.js?v=67693043:10792:38\ncommitLayoutEffectOnFiber@https://3000-itft35e77gum9y56zu3m4-2e161e83.sg2.manus.computer/@fs/home/ubuntu/auralith/node_modules/.vite/deps/react-dom_client.js?v=67693043:9903:45\nrecursivelyTraverseLayoutEffects@https://3000-itft35e77gum9y56zu3m4-2e161e83.sg2.manus.computer/@fs/home/ubuntu/auralith/node_modules/.vite/deps/react-dom_client.js?v=67693043:10792:38\ncommitLayoutEffectOnFiber@https://3000-itft35e77gum9y56zu3m4-2e161e83.sg2.manus.computer/@fs/home/ubuntu/auralith/node_modules/.vite/deps/react-dom_client.js?v=67693043:10074:45\nrecursivelyTraverseLayoutEffects@https://3000-itft35e77gum9y56zu3m4-2e161e83.sg2.manus.computer/@fs/home/ubuntu/auralith/node_modules/.vite/deps/react-dom_client.js?v=67693043:10792:38\ncommitLayoutEffectOnFiber@https://3000-itft35e77gum9y56zu3m4-2e161e83.sg2.manus.computer/@fs/home/ubuntu/auralith/node_modules/.vite/deps/react-dom_client.js?v=67693043:9903:45\nrecursivelyTraverseLayoutEffects@https://3000-itft35e77gum9y56zu3m4-2e161e83.sg2.manus.computer/@fs/home/ubuntu/auralith/node_modules/.vite/deps/react-dom_client.js?v=67693043:10792:38\ncommitLayoutEffectOnFiber@https://3000-itft35e77gum9y56zu3m4-2e161e83.sg2.manus.computer/@fs/home/ubuntu/auralith/node_modules/.vite/deps/react-dom_client.js?v=67693043:9963:45\nflushLayoutEffects@https://3000-itft35e77gum9y56zu3m4-2e161e83.sg2.manus.computer/@fs/home/ubuntu/auralith/node_modules/.vite/deps/react-dom_client.js?v=67693043:12924:120\ncommitRoot@https://3000-itft35e77gum9y56zu3m4-2e161e83.sg2.manus.computer/@fs/home/ubuntu/auralith/node_modules/.vite/deps/react-dom_client.js?v=67693043:12803:11\ncommitRootWhenReady@https://3000-itft35e77gum9y56zu3m4-2e161e83.sg2.manus.computer/@fs/home/ubuntu/auralith/node_modules/.vite/deps/react-dom_client.js?v=67693043:12016:19\nperformWorkOnRoot@https://3000-itft35e77gum9y56zu3m4-2e161e83.sg2.manus.computer/@fs/home/ubuntu/auralith/node_modules/.vite/deps/react-dom_client.js?v=67693043:11950:36\nperformWorkOnRootViaSchedulerTask@https://3000-itft35e77gum9y56zu3m4-2e161e83.sg2.manus.computer/@fs/home/ubuntu/auralith/node_modules/.vite/deps/react-dom_client.js?v=67693043:13505:26\nperformWorkUntilDeadline@https://3000-itft35e77gum9y56zu3m4-2e161e83.sg2.manus.computer/@fs/home/ubuntu/auralith/node_modules/.vite/deps/react-dom_client.js?v=67693043:36:58\n"}
[2026-09-09T06:44:25.812Z] {"timestamp":1788936262825,"level":"DEBUG","args":["[Manus] Debug collector initialized (no rrweb, UI events only)"],"stack":null}
[2026-09-09T06:44:25.812Z] {"timestamp":1788936263169,"level":"DEBUG","args":["[vite] connected."],"stack":null}
[2026-09-09T06:44:31.652Z] {"timestamp":1788936268698,"level":"DEBUG","args":["[Manus] Debug collector initialized (no rrweb, UI events only)"],"stack":null}
[2026-09-09T06:44:31.652Z] {"timestamp":1788936269125,"level":"DEBUG","args":["[vite] connected."],"stack":null}
[2026-09-09T06:44:35.810Z] {"timestamp":1788936272851,"level":"DEBUG","args":["[Manus] Debug collector initialized (no rrweb, UI events only)"],"stack":null}
[2026-09-09T06:44:35.810Z] {"timestamp":1788936273169,"level":"DEBUG","args":["[vite] connected."],"stack":null}
[2026-09-09T06:44:41.220Z] {"timestamp":1788936278260,"level":"DEBUG","args":["[Manus] Debug collector initialized (no rrweb, UI events only)"],"stack":null}
[2026-09-09T06:44:41.220Z] {"timestamp":1788936278534,"level":"DEBUG","args":["[vite] connected."],"stack":null}
[2026-09-09T06:44:52.242Z] {"timestamp":1788936289280,"level":"DEBUG","args":["[Manus] Debug collector initialized (no rrweb, UI events only)"],"stack":null}
[2026-09-09T06:44:52.242Z] {"timestamp":1788936289627,"level":"DEBUG","args":["[vite] connected."],"stack":null}
[2026-09-09T06:44:57.182Z] {"timestamp":1788936294231,"level":"DEBUG","args":["[Manus] Debug collector initialized (no rrweb, UI events only)"],"stack":null}
[2026-09-09T06:44:57.182Z] {"timestamp":1788936294488,"level":"DEBUG","args":["[vite] connected."],"stack":null}
[2026-09-09T06:45:15.247Z] {"timestamp":1788936313845,"level":"DEBUG","args":["[vite]","hot updated: /src/index.css"],"stack":null}
[2026-09-09T06:45:15.247Z] {"timestamp":1788936313845,"level":"DEBUG","args":["[vite]","hot updated: /src/components/ApiDocs.tsx"],"stack":null}
[2026-09-09T06:45:17.243Z] {"timestamp":1788936316027,"level":"DEBUG","args":["[vite]","hot updated: /src/pages/Home.tsx"],"stack":null}
[2026-09-09T06:45:17.243Z] {"timestamp":1788936316027,"level":"DEBUG","args":["[vite]","hot updated: /src/index.css"],"stack":null}
[2026-09-09T06:45:43.743Z] {"timestamp":1788936341732,"level":"DEBUG","args":["[Manus] Debug collector initialized (no rrweb, UI events only)"],"stack":null}
[2026-09-09T06:45:43.743Z] {"timestamp":1788936341762,"level":"DEBUG","args":["[vite] connected."],"stack":null}
[2026-09-09T06:45:43.743Z] {"timestamp":1788936341995,"level":"INFO","args":["%cDownload the React DevTools for a better development experience: https://react.dev/link/react-devtools","font-weight:bold"],"stack":null}
[2026-09-09T06:46:20.424Z] {"timestamp":1788936377452,"level":"DEBUG","args":["[Manus] Debug collector initialized (no rrweb, UI events only)"],"stack":null}
[2026-09-09T06:46:20.424Z] {"timestamp":1788936377836,"level":"DEBUG","args":["[vite] connected."],"stack":null}
[2026-09-09T06:46:25.248Z] {"timestamp":1788936382281,"level":"DEBUG","args":["[Manus] Debug collector initialized (no rrweb, UI events only)"],"stack":null}
[2026-09-09T06:46:25.248Z] {"timestamp":1788936382518,"level":"DEBUG","args":["[vite] connected."],"stack":null}
[2026-09-09T06:47:29.693Z] {"timestamp":1788936447690,"level":"DEBUG","args":["[Manus] Debug collector initialized (no rrweb, UI events only)"],"stack":null}
[2026-09-09T06:47:29.693Z] {"timestamp":1788936447709,"level":"DEBUG","args":["[vite] connected."],"stack":null}
[2026-09-09T06:47:29.693Z] {"timestamp":1788936447887,"level":"INFO","args":["%cDownload the React DevTools for a better development experience: https://react.dev/link/react-devtools","font-weight:bold"],"stack":null}
[2026-09-09T06:50:35.748Z] {"timestamp":1788936634313,"level":"DEBUG","args":["[vite]","hot updated: /src/index.css"],"stack":null}
[2026-09-09T06:50:35.748Z] {"timestamp":1788936634370,"level":"DEBUG","args":["[vite]","hot updated: /src/index.css"],"stack":null}
[2026-09-09T06:50:37.309Z] {"timestamp":1788936634349,"level":"DEBUG","args":["[vite]","hot updated: /src/index.css"],"stack":null}
[2026-09-09T06:50:37.309Z] {"timestamp":1788936635145,"level":"DEBUG","args":["[vite]","hot updated: /src/index.css"],"stack":null}
